Flow report for Top
Sun Feb 14 20:23:47 2021
Quartus Prime Version 18.0.0 Build 614 04/24/2018 SJ Lite Edition


---------------------
; Table of Contents ;
---------------------
  1. Legal Notice
  2. Flow Summary
  3. Flow Settings
  4. Flow Non-Default Global Settings
  5. Flow Elapsed Time
  6. Flow OS Summary
  7. Flow Log
  8. Flow Messages
  9. Flow Suppressed Messages



----------------
; Legal Notice ;
----------------
Copyright (C) 2018  Intel Corporation. All rights reserved.
Your use of Intel Corporation's design tools, logic functions 
and other software and tools, and its AMPP partner logic 
functions, and any output files from any of the foregoing 
(including device programming or simulation files), and any 
associated documentation or information are expressly subject 
to the terms and conditions of the Intel Program License 
Subscription Agreement, the Intel Quartus Prime License Agreement,
the Intel FPGA IP License Agreement, or other applicable license
agreement, including, without limitation, that your use is for
the sole purpose of programming logic devices manufactured by
Intel and sold by Intel or its authorized distributors.  Please
refer to the applicable agreement for further details.



+----------------------------------------------------------------------------------+
; Flow Summary                                                                     ;
+------------------------------------+---------------------------------------------+
; Flow Status                        ; Successful - Sun Feb 14 20:23:36 2021       ;
; Quartus Prime Version              ; 18.0.0 Build 614 04/24/2018 SJ Lite Edition ;
; Revision Name                      ; Top                                         ;
; Top-level Entity Name              ; Top                                         ;
; Family                             ; Cyclone IV E                                ;
; Device                             ; EP4CE115F29C7                               ;
; Timing Models                      ; Final                                       ;
; Total logic elements               ; 21,135 / 114,480 ( 18 % )                   ;
;     Total combinational functions  ; 20,137 / 114,480 ( 18 % )                   ;
;     Dedicated logic registers      ; 10,529 / 114,480 ( 9 % )                    ;
; Total registers                    ; 10529                                       ;
; Total pins                         ; 152 / 529 ( 29 % )                          ;
; Total virtual pins                 ; 0                                           ;
; Total memory bits                  ; 2,846,567 / 3,981,312 ( 71 % )              ;
; Embedded Multiplier 9-bit elements ; 279 / 532 ( 52 % )                          ;
; Total PLLs                         ; 2 / 4 ( 50 % )                              ;
+------------------------------------+---------------------------------------------+


+-----------------------------------------+
; Flow Settings                           ;
+-------------------+---------------------+
; Option            ; Setting             ;
+-------------------+---------------------+
; Start date & time ; 02/14/2021 20:19:51 ;
; Main task         ; Compilation         ;
; Revision Name     ; Top                 ;
+-------------------+---------------------+


+-----------------------------------------------------------------------------------------------------------------------------------------------------------------------------------+
; Flow Non-Default Global Settings                                                                                                                                                  ;
+-------------------------------------+---------------------------------------------------------------------------------+---------------+------------------------------+------------+
; Assignment Name                     ; Value                                                                           ; Default Value ; Entity Name                  ; Section Id ;
+-------------------------------------+---------------------------------------------------------------------------------+---------------+------------------------------+------------+
; COMPILER_SIGNATURE_ID               ; 18121609262202.161332679112404                                                  ; --            ; --                           ; --         ;
; ENABLE_SIGNALTAP                    ; Off                                                                             ; --            ; --                           ; --         ;
; FLOW_ENABLE_RTL_VIEWER              ; On                                                                              ; Off           ; --                           ; --         ;
; MAX_CORE_JUNCTION_TEMP              ; 85                                                                              ; --            ; --                           ; --         ;
; MIN_CORE_JUNCTION_TEMP              ; 0                                                                               ; --            ; --                           ; --         ;
; MISC_FILE                           ; NiosII_Controlled_Section/synthesis/../NiosII_Controlled_SectionBAK.cmp         ; --            ; --                           ; --         ;
; MISC_FILE                           ; NiosII_Controlled_Section/synthesis/../../NiosII_Controlled_SectionBAK.qsys     ; --            ; --                           ; --         ;
; MISC_FILE                           ; PhaseA_PWM_inst.v                                                               ; --            ; --                           ; --         ;
; MISC_FILE                           ; PhaseA_PWM_bb.v                                                                 ; --            ; --                           ; --         ;
; MISC_FILE                           ; PhaseB_PWM_inst.v                                                               ; --            ; --                           ; --         ;
; MISC_FILE                           ; PhaseB_PWM_bb.v                                                                 ; --            ; --                           ; --         ;
; MISC_FILE                           ; PhaseC_PWM_inst.v                                                               ; --            ; --                           ; --         ;
; MISC_FILE                           ; PhaseC_PWM_bb.v                                                                 ; --            ; --                           ; --         ;
; MISC_FILE                           ; Slider_DATA_inst.v                                                              ; --            ; --                           ; --         ;
; MISC_FILE                           ; Slider_DATA_bb.v                                                                ; --            ; --                           ; --         ;
; MISC_FILE                           ; Slider_Colormap_inst.v                                                          ; --            ; --                           ; --         ;
; MISC_FILE                           ; Slider_Colormap_bb.v                                                            ; --            ; --                           ; --         ;
; MISC_FILE                           ; JUSTLOGO_DATA_inst.v                                                            ; --            ; --                           ; --         ;
; MISC_FILE                           ; JUSTLOGO_DATA_bb.v                                                              ; --            ; --                           ; --         ;
; MISC_FILE                           ; JUSTLOGO_Colormap_inst.v                                                        ; --            ; --                           ; --         ;
; MISC_FILE                           ; JUSTLOGO_Colormap_bb.v                                                          ; --            ; --                           ; --         ;
; MISC_FILE                           ; Font_ROM_inst.v                                                                 ; --            ; --                           ; --         ;
; MISC_FILE                           ; Font_ROM_bb.v                                                                   ; --            ; --                           ; --         ;
; MISC_FILE                           ; PhaseB_Analog_inst.v                                                            ; --            ; --                           ; --         ;
; MISC_FILE                           ; PhaseB_Analog_bb.v                                                              ; --            ; --                           ; --         ;
; MISC_FILE                           ; PhaseC_Tri_Analog_inst.v                                                        ; --            ; --                           ; --         ;
; MISC_FILE                           ; PhaseC_Tri_Analog_bb.v                                                          ; --            ; --                           ; --         ;
; MISC_FILE                           ; PhaseA_inst.v                                                                   ; --            ; --                           ; --         ;
; MISC_FILE                           ; PhaseA_bb.v                                                                     ; --            ; --                           ; --         ;
; MISC_FILE                           ; TimeBar_DATA_inst.v                                                             ; --            ; --                           ; --         ;
; MISC_FILE                           ; TimeBar_DATA_bb.v                                                               ; --            ; --                           ; --         ;
; MISC_FILE                           ; TimeBar_Colormap_inst.v                                                         ; --            ; --                           ; --         ;
; MISC_FILE                           ; TimeBar_Colormap_bb.v                                                           ; --            ; --                           ; --         ;
; MISC_FILE                           ; PhaseC_PWM_Correction_inst.v                                                    ; --            ; --                           ; --         ;
; MISC_FILE                           ; PhaseC_PWM_Correction_bb.v                                                      ; --            ; --                           ; --         ;
; MISC_FILE                           ; GUI_Nios_PhaseA_Voltage_inst.v                                                  ; --            ; --                           ; --         ;
; MISC_FILE                           ; GUI_Nios_PhaseA_Voltage_bb.v                                                    ; --            ; --                           ; --         ;
; MISC_FILE                           ; GUI_Nios_PhaseB_Voltage_inst.v                                                  ; --            ; --                           ; --         ;
; MISC_FILE                           ; GUI_Nios_PhaseB_Voltage_bb.v                                                    ; --            ; --                           ; --         ;
; MISC_FILE                           ; GUI_Nios_PhaseC_Voltage_inst.v                                                  ; --            ; --                           ; --         ;
; MISC_FILE                           ; GUI_Nios_PhaseC_Voltage_bb.v                                                    ; --            ; --                           ; --         ;
; MISC_FILE                           ; GUI_Nios_PhaseA_Current_inst.v                                                  ; --            ; --                           ; --         ;
; MISC_FILE                           ; GUI_Nios_PhaseA_Current_bb.v                                                    ; --            ; --                           ; --         ;
; MISC_FILE                           ; GUI_Nios_PhaseB_Current_inst.v                                                  ; --            ; --                           ; --         ;
; MISC_FILE                           ; GUI_Nios_PhaseB_Current_bb.v                                                    ; --            ; --                           ; --         ;
; MISC_FILE                           ; GUI_Nios_PhaseC_Current_inst.v                                                  ; --            ; --                           ; --         ;
; MISC_FILE                           ; GUI_Nios_PhaseC_Current_bb.v                                                    ; --            ; --                           ; --         ;
; MISC_FILE                           ; Title_DATA_inst.v                                                               ; --            ; --                           ; --         ;
; MISC_FILE                           ; Title_DATA_bb.v                                                                 ; --            ; --                           ; --         ;
; MISC_FILE                           ; Title_Colormap_inst.v                                                           ; --            ; --                           ; --         ;
; MISC_FILE                           ; Title_Colormap_bb.v                                                             ; --            ; --                           ; --         ;
; MISC_FILE                           ; Manual_DATA_inst.v                                                              ; --            ; --                           ; --         ;
; MISC_FILE                           ; Manual_DATA_bb.v                                                                ; --            ; --                           ; --         ;
; MISC_FILE                           ; Manual_Colormap_inst.v                                                          ; --            ; --                           ; --         ;
; MISC_FILE                           ; Manual_Colormap_bb.v                                                            ; --            ; --                           ; --         ;
; MISC_FILE                           ; Harmonic_Testing_ROM_inst.v                                                     ; --            ; --                           ; --         ;
; MISC_FILE                           ; Harmonic_Testing_ROM_bb.v                                                       ; --            ; --                           ; --         ;
; PARTITION_COLOR                     ; -- (Not supported for targeted family)                                          ; --            ; --                           ; --         ;
; PARTITION_FITTER_PRESERVATION_LEVEL ; -- (Not supported for targeted family)                                          ; --            ; --                           ; --         ;
; PARTITION_NETLIST_TYPE              ; -- (Not supported for targeted family)                                          ; --            ; --                           ; --         ;
; POWER_BOARD_THERMAL_MODEL           ; None (CONSERVATIVE)                                                             ; --            ; --                           ; --         ;
; POWER_PRESET_COOLING_SOLUTION       ; 23 MM HEAT SINK WITH 200 LFPM AIRFLOW                                           ; --            ; --                           ; --         ;
; PROJECT_OUTPUT_DIRECTORY            ; output_files                                                                    ; --            ; --                           ; --         ;
; SLD_FILE                            ; NiosII_Controlled_Section/synthesis/NiosII_Controlled_SectionBAK.regmap         ; --            ; --                           ; --         ;
; SLD_FILE                            ; NiosII_Controlled_Section/synthesis/NiosII_Controlled_SectionBAK.debuginfo      ; --            ; --                           ; --         ;
; SLD_INFO                            ; QSYS_NAME NiosII_Controlled_SectionBAK HAS_SOPCINFO 1 GENERATION_ID 1613326620  ; --            ; NiosII_Controlled_SectionBAK ; --         ;
; SOPCINFO_FILE                       ; NiosII_Controlled_Section/synthesis/../../NiosII_Controlled_SectionBAK.sopcinfo ; --            ; --                           ; --         ;
; SYNTHESIS_ONLY_QIP                  ; On                                                                              ; --            ; --                           ; --         ;
; USE_SIGNALTAP_FILE                  ; DebuggingVGA.stp                                                                ; --            ; --                           ; --         ;
+-------------------------------------+---------------------------------------------------------------------------------+---------------+------------------------------+------------+


+--------------------------------------------------------------------------------------------------------------------------+
; Flow Elapsed Time                                                                                                        ;
+----------------------+--------------+-------------------------+---------------------+------------------------------------+
; Module Name          ; Elapsed Time ; Average Processors Used ; Peak Virtual Memory ; Total CPU Time (on all processors) ;
+----------------------+--------------+-------------------------+---------------------+------------------------------------+
; Analysis & Synthesis ; 00:02:18     ; 1.0                     ; 5330 MB             ; 00:02:33                           ;
; Fitter               ; 00:01:05     ; 1.1                     ; 6160 MB             ; 00:01:35                           ;
; Assembler            ; 00:00:05     ; 1.0                     ; 4798 MB             ; 00:00:05                           ;
; Timing Analyzer      ; 00:00:10     ; 1.3                     ; 5085 MB             ; 00:00:11                           ;
; Total                ; 00:03:38     ; --                      ; --                  ; 00:04:24                           ;
+----------------------+--------------+-------------------------+---------------------+------------------------------------+


+------------------------------------------------------------------------------------+
; Flow OS Summary                                                                    ;
+----------------------+------------------+------------+------------+----------------+
; Module Name          ; Machine Hostname ; OS Name    ; OS Version ; Processor type ;
+----------------------+------------------+------------+------------+----------------+
; Analysis & Synthesis ; Ibrahim-MainPC   ; Windows 10 ; 10.0       ; x86_64         ;
; Fitter               ; Ibrahim-MainPC   ; Windows 10 ; 10.0       ; x86_64         ;
; Assembler            ; Ibrahim-MainPC   ; Windows 10 ; 10.0       ; x86_64         ;
; Timing Analyzer      ; Ibrahim-MainPC   ; Windows 10 ; 10.0       ; x86_64         ;
+----------------------+------------------+------------+------------+----------------+


------------
; Flow Log ;
------------
quartus_map --read_settings_files=on --write_settings_files=off Top -c Top
quartus_fit --read_settings_files=off --write_settings_files=off Top -c Top
quartus_asm --read_settings_files=off --write_settings_files=off Top -c Top
quartus_sta Top -c Top



